python : Creating 
test database for 
alias 'default'...
At line:1 char:1
+ python manage.py 
test apps.sync.tests.
test_full.SyncFlowTes
ts.test_co ...
+ ~~~~~~~~~~~~~~~~~~~
~~~~~~~~~~~~~~~~~~~~~
~~~~~~~~~~~~~~~~~~~~~
~~~~~~~~
    + CategoryInfo   
           : NotSpe  
  cified: (Creatin   
 g test d...as 'd    
efault'...:Strin    
g) [], RemoteExc    
eption
    + FullyQualified 
   ErrorId : Native  
  CommandError
 

Found 1 test(s).
System check identified no issues (0 silenced).
F
=====================
=====================
=====================
=======
FAIL: test_conflict_d
etection (apps.sync.t
ests.test_full.SyncFl
owTests.test_conflict
_detection)
---------------------
---------------------
---------------------
-------
Traceback (most 
recent call last):
  File "C:\Users\sury
a\OneDrive\Desktop\dj
ango\ojt\backend\apps
\sync\tests\test_full
.py", line 98, in tes
t_conflict_detection
    self.assertEqual(
result['status'], 
'conflict')
    ~~~~~~~~~~~~~~~~^
^^^^^^^^^^^^^^^^^^^^^
^^^^^^^^
AssertionError: 
'auto_merged' != 
'conflict'
- auto_merged
+ conflict


---------------------
---------------------
---------------------
-------
Ran 1 test in 0.205s

FAILED (failures=1)
Destroying test 
database for alias 
'default'...

